// Jest Snapshot v1, https://goo.gl/fbAQLP

exports[`renders correctly 1`] = `
<section
  className="Footerstyled__FooterStyled-vr4dm-0 fQRnVN"
>
  <div
    className="Footerstyled__Container-vr4dm-1 ftXGid"
  >
    <img
      className="Footerstyled__Logo-vr4dm-2 kbsODg"
      src="../src/static/imgs/logo_white.png"
    />
    <div
      className="Footerstyled__InforGroup-vr4dm-3 hUOXFF"
    >
      <span>
        Copyright Â© 2017 Plus Fitness. All rights reserved.
      </span>
      <div
        className="Footerstyled__LinkGroup-vr4dm-4 bqnXPN"
      >
        <a
          className="globalstyles__Link-sc-1nc69wi-2 hZljBz"
          href="#"
        >
          Terms and Conditions
        </a>
         - 
        <a
          className="globalstyles__Link-sc-1nc69wi-2 hZljBz"
          href="#"
        >
          Advertise with us
        </a>
         - 
        <a
          className="globalstyles__Link-sc-1nc69wi-2 hZljBz"
          href="#"
        >
          Privacy Policy
        </a>
         - 
        <a
          className="globalstyles__Link-sc-1nc69wi-2 hZljBz"
          href="#"
        >
          <svg
            aria-hidden="true"
            className="svg-inline--fa fa-key fa-w-16 "
            data-icon="key"
            data-prefix="fas"
            focusable="false"
            role="img"
            style={Object {}}
            viewBox="0 0 512 512"
            xmlns="http://www.w3.org/2000/svg"
          >
            <path
              d="M512 176.001C512 273.203 433.202 352 336 352c-11.22 0-22.19-1.062-32.827-3.069l-24.012 27.014A23.999 23.999 0 0 1 261.223 384H224v40c0 13.255-10.745 24-24 24h-40v40c0 13.255-10.745 24-24 24H24c-13.255 0-24-10.745-24-24v-78.059c0-6.365 2.529-12.47 7.029-16.971l161.802-161.802C163.108 213.814 160 195.271 160 176 160 78.798 238.797.001 335.999 0 433.488-.001 512 78.511 512 176.001zM336 128c0 26.51 21.49 48 48 48s48-21.49 48-48-21.49-48-48-48-48 21.49-48 48z"
              fill="currentColor"
              style={Object {}}
            />
          </svg>
           
          Login
        </a>
      </div>
    </div>
    <div
      className="Footerstyled__SocialGroup-vr4dm-5 dESgeu"
    >
      <span
        className="Footerstyled__SocialLabel-vr4dm-6 kArwVu"
      >
        Follow Us
      </span>
      <div
        className="Footerstyled__SocialIcons-vr4dm-7 Acupz"
      >
        <a
          className="globalstyles__Link-sc-1nc69wi-2 hZljBz"
          href="#"
        >
          <span
            className="Iconstyles__StyledSVGIcon-sc-1cwmlu4-0 cSbqKd Footerstyled__Icon-vr4dm-8 homSvU"
          />
        </a>
        <a
          className="globalstyles__Link-sc-1nc69wi-2 hZljBz"
          href="#"
        >
          <span
            className="Iconstyles__StyledSVGIcon-sc-1cwmlu4-0 cSbqKd Footerstyled__Icon-vr4dm-8 homSvU"
          />
        </a>
        <a
          className="globalstyles__Link-sc-1nc69wi-2 hZljBz"
          href="#"
        >
          <span
            className="Iconstyles__StyledSVGIcon-sc-1cwmlu4-0 cSbqKd Footerstyled__Icon-vr4dm-8 homSvU"
          />
        </a>
      </div>
    </div>
  </div>
</section>
`;
