// Jest Snapshot v1, https://goo.gl/fbAQLP

exports[`renders correctly 1`] = `
<div
  className="SearchFormstyled__NewsSearchWrapper-sc-1lsr3ed-4 eHxgzd"
>
  <label
    className="SearchFormstyled__LabelIcon-sc-1lsr3ed-6 fbkwdf"
  >
    <svg
      aria-hidden="true"
      className="svg-inline--fa fa-search fa-w-16 "
      data-icon="search"
      data-prefix="fas"
      focusable="false"
      role="img"
      style={Object {}}
      viewBox="0 0 512 512"
      xmlns="http://www.w3.org/2000/svg"
    >
      <path
        d="M505 442.7L405.3 343c-4.5-4.5-10.6-7-17-7H372c27.6-35.3 44-79.7 44-128C416 93.1 322.9 0 208 0S0 93.1 0 208s93.1 208 208 208c48.3 0 92.7-16.4 128-44v16.3c0 6.4 2.5 12.5 7 17l99.7 99.7c9.4 9.4 24.6 9.4 33.9 0l28.3-28.3c9.4-9.4 9.4-24.6.1-34zM208 336c-70.7 0-128-57.2-128-128 0-70.7 57.2-128 128-128 70.7 0 128 57.2 128 128 0 70.7-57.2 128-128 128z"
        fill="currentColor"
        style={Object {}}
      />
    </svg>
  </label>
  <div
    className="SearchFormstyled__SearchFormGroup-sc-1lsr3ed-3 SearchFormstyled__NewsSearchGroup-sc-1lsr3ed-5 fqjwpL"
  >
    <input
      className="SearchFormstyled__NewsSearchTextInput-sc-1lsr3ed-7 gQWCga"
      placeholder="Search Placeholder"
    />
    <button
      className="Button-lxhj0a-0 caAbrL"
      color="white"
      onClick={[Function]}
    >
      Search
    </button>
    <a
      className="Button__ButtonLink-lxhj0a-1 gEZLzW"
      onClick={[Function]}
    >
      <svg
        aria-hidden="true"
        className="svg-inline--fa fa-times fa-w-11 "
        data-icon="times"
        data-prefix="fas"
        focusable="false"
        role="img"
        style={Object {}}
        viewBox="0 0 352 512"
        xmlns="http://www.w3.org/2000/svg"
      >
        <path
          d="M242.72 256l100.07-100.07c12.28-12.28 12.28-32.19 0-44.48l-22.24-22.24c-12.28-12.28-32.19-12.28-44.48 0L176 189.28 75.93 89.21c-12.28-12.28-32.19-12.28-44.48 0L9.21 111.45c-12.28 12.28-12.28 32.19 0 44.48L109.28 256 9.21 356.07c-12.28 12.28-12.28 32.19 0 44.48l22.24 22.24c12.28 12.28 32.2 12.28 44.48 0L176 322.72l100.07 100.07c12.28 12.28 32.2 12.28 44.48 0l22.24-22.24c12.28-12.28 12.28-32.19 0-44.48L242.72 256z"
          fill="currentColor"
          style={Object {}}
        />
      </svg>
    </a>
  </div>
</div>
`;
